  trim USDCAD H4: bars_from=2006-01-04T00:00:00+00:00 dropped 7,530 of 39,635 bars
  trim USDCHF H4: bars_from=2006-01-04T00:00:00+00:00 dropped 8,393 of 40,494 bars
  trim DE40 H4: bars_from=2006-01-04T00:00:00+00:00 dropped 0 of 18,061 bars
  trim AUDJPY H4: bars_from=2006-01-04T00:00:00+00:00 dropped 5,454 of 36,085 bars
  trim EURJPY H4: bars_from=2006-01-04T00:00:00+00:00 dropped 6,065 of 38,175 bars
  trim GBPJPY H4: bars_from=2006-01-04T00:00:00+00:00 dropped 5,771 of 37,863 bars
  trim USDJPY H4: bars_from=2006-01-04T00:00:00+00:00 dropped 8,456 of 40,561 bars
  trim AUDUSD H4: bars_from=2006-01-04T00:00:00+00:00 dropped 6,903 of 39,010 bars
  trim EURUSD H4: bars_from=2006-01-04T00:00:00+00:00 dropped 8,430 of 40,540 bars
  trim GBPUSD H4: bars_from=2006-01-04T00:00:00+00:00 dropped 8,437 of 40,543 bars
  trim NZDUSD H4: bars_from=2006-01-04T00:00:00+00:00 dropped 609 of 32,714 bars
  trim US500 H4: bars_from=2006-01-04T00:00:00+00:00 dropped 0 of 24,066 bars
  trim XAGUSD H4: bars_from=2006-01-04T00:00:00+00:00 dropped 0 of 26,620 bars
  trim XAUUSD H4: bars_from=2006-01-04T00:00:00+00:00 dropped 0 of 26,837 bars
  trim EURGBP H4: bars_from=2006-01-04T00:00:00+00:00 dropped 6,065 of 38,170 bars
  trim UK100 H4: bars_from=2006-01-04T00:00:00+00:00 dropped 0 of 19,684 bars
==== run_discovery_campaign 2026-09-29T23:12:45+00:00 ====
campaign_id: k4_tsmom_dual_horizon_engine_v3
engine_version: engine_v3_realism (required engine_v3_realism: ok)
account_ccy: GBP
fx_label: SeriesFxSource(GBP; daily closes as-of bar close; max_staleness=4 days 00:00:00; pivot=USD; GBPCAD@ds_d0200867a427881e787347e7[derived:H4 last close per UTC day], GBPCHF@ds_181371c2dd3bb8ca28046b86[derived:H4 last close per UTC day], EURGBP@ds_0bafc32b4ed7b8065261e7a4[derived:H4 last close per UTC day], GBPJPY@ds_9f7d5da5c796bd86da1011e8[derived:H4 last close per UTC day], GBPUSD@ds_b34988ed16240d36d2b9248c[derived:H4 last close per UTC day]; fallback via_usd where the direct cross has no fresh rate for CAD, CHF, EUR, JPY using USDCAD@ds_de6aae350c45f9f5025c7f56[derived:H4 last close per UTC day], USDCHF@ds_5a2b99b30031d45d3546c1ca[derived:H4 last close per UTC day], EURUSD@ds_d8739e54df9f12ecf0ce71c8[derived:H4 last close per UTC day], USDJPY@ds_300921ee00603a414fc03e98[derived:H4 last close per UTC day])
calendar: official: 339 events, declared 2024-01-01 00:00:00+00:00 .. 2026-12-04 13:30:00+00:00, currencies EUR, GBP, JPY, USD; policy enforce-where-covered; allow_empty_calendar=True
calendar_coverage: 16 series, share of bars inside the declared span 10.0% .. 17.5% (per series below and in calendar_coverage.json)
construction_policy: construction_v2 (run_validation default 'research_default': allocator equal_risk, tier probationary, lifecycle paper, config_sha256 4fb48d89a56b, correlation unmeasured (unmeasured_correlation=0.3))
gate_set: v2.0.0-audit (min_trades=400)
bars_from: 2006-01-04T00:00:00+00:00
universe: 16 instrument(s) AUDJPY AUDUSD DE40 EURGBP EURJPY EURUSD GBPJPY GBPUSD NZDUSD UK100 US500 USDCAD USDCHF USDJPY XAGUSD XAUUSD; timeframes H4
seeds_requested: tsmom_dual_horizon
budget: max_evaluations=100000 generations=1 grid=8x2 folds=4
external_prior_trials: 7376
data_root: var/datastore
====
  fx EURGBP: {"dataset_version_id": "ds_0bafc32b4ed7b8065261e7a4", "source_timeframe": "H4", "derivation": "derived from H4 closes: the last H4 bar to close in each UTC day, stamped at that bar's close", "first_known": "2002-03-04 21:00:00+00:00", "last_known": "2026-01-01 01:00:00+00:00", "observations": 7380, "gaps_over_max_staleness": 21}
  fx EURUSD: {"dataset_version_id": "ds_d8739e54df9f12ecf0ce71c8", "source_timeframe": "H4", "derivation": "derived from H4 closes: the last H4 bar to close in each UTC day, stamped at that bar's close", "first_known": "2000-05-31 21:00:00+00:00", "last_known": "2026-01-01 01:00:00+00:00", "observations": 7840, "gaps_over_max_staleness": 45}
  fx GBPCAD: {"dataset_version_id": "ds_d0200867a427881e787347e7", "source_timeframe": "H4", "derivation": "derived from H4 closes: the last H4 bar to close in each UTC day, stamped at that bar's close", "first_known": "2007-10-01 01:00:00+00:00", "last_known": "2026-01-01 01:00:00+00:00", "observations": 5646, "gaps_over_max_staleness": 4}
  fx GBPCHF: {"dataset_version_id": "ds_181371c2dd3bb8ca28046b86", "source_timeframe": "H4", "derivation": "derived from H4 closes: the last H4 bar to close in each UTC day, stamped at that bar's close", "first_known": "2002-08-20 21:00:00+00:00", "last_known": "2026-01-01 01:00:00+00:00", "observations": 7245, "gaps_over_max_staleness": 3}
  fx GBPJPY: {"dataset_version_id": "ds_9f7d5da5c796bd86da1011e8", "source_timeframe": "H4", "derivation": "derived from H4 closes: the last H4 bar to close in each UTC day, stamped at that bar's close", "first_known": "2002-05-01 21:00:00+00:00", "last_known": "2026-01-01 01:00:00+00:00", "observations": 7320, "gaps_over_max_staleness": 15}
  fx GBPUSD: {"dataset_version_id": "ds_b34988ed16240d36d2b9248c", "source_timeframe": "H4", "derivation": "derived from H4 closes: the last H4 bar to close in each UTC day, stamped at that bar's close", "first_known": "2000-05-31 21:00:00+00:00", "last_known": "2026-01-01 01:00:00+00:00", "observations": 7836, "gaps_over_max_staleness": 45}
  fx USDCAD: {"dataset_version_id": "ds_de6aae350c45f9f5025c7f56", "source_timeframe": "H4", "derivation": "derived from H4 closes: the last H4 bar to close in each UTC day, stamped at that bar's close", "first_known": "2000-06-12 21:00:00+00:00", "last_known": "2026-01-01 01:00:00+00:00", "observations": 7667, "gaps_over_max_staleness": 44}
  fx USDCHF: {"dataset_version_id": "ds_5a2b99b30031d45d3546c1ca", "source_timeframe": "H4", "derivation": "derived from H4 closes: the last H4 bar to close in each UTC day, stamped at that bar's close", "first_known": "2000-05-31 21:00:00+00:00", "last_known": "2026-01-01 01:00:00+00:00", "observations": 7830, "gaps_over_max_staleness": 45}
  fx USDJPY: {"dataset_version_id": "ds_300921ee00603a414fc03e98", "source_timeframe": "H4", "derivation": "derived from H4 closes: the last H4 bar to close in each UTC day, stamped at that bar's close", "first_known": "2000-05-31 21:00:00+00:00", "last_known": "2026-01-01 01:00:00+00:00", "observations": 7840, "gaps_over_max_staleness": 44}
  fx route AUDJPY H4: 30,625 bars direct, 6 via_usd (2009-02-22..2009-02-23), 0 without a rate
  fx route AUDUSD H4: 32,107 bars direct, 0 via_usd, 0 without a rate
  fx route DE40 H4: 18,061 bars direct, 0 via_usd, 0 without a rate
  fx route EURJPY H4: 32,104 bars direct, 6 via_usd (2009-02-22..2009-02-23), 0 without a rate
  fx route EURUSD H4: 32,110 bars direct, 0 via_usd, 0 without a rate
  fx route GBPJPY H4: 32,086 bars direct, 6 via_usd (2009-02-22..2009-02-23), 0 without a rate
  fx route GBPUSD H4: 32,106 bars direct, 0 via_usd, 0 without a rate
  fx route NZDUSD H4: 32,105 bars direct, 0 via_usd, 0 without a rate
  fx route US500 H4: 24,066 bars direct, 0 via_usd, 0 without a rate
  fx route USDCAD H4: 29,286 bars direct, 2,819 via_usd (2006-01-04..2019-01-07), 0 without a rate
  fx route USDCHF H4: 32,078 bars direct, 23 via_usd (2008-10-08..2008-10-13), 0 without a rate
  fx route USDJPY H4: 32,099 bars direct, 6 via_usd (2009-02-22..2009-02-23), 0 without a rate
  fx route XAGUSD H4: 26,620 bars direct, 0 via_usd, 0 without a rate
  fx route XAUUSD H4: 26,837 bars direct, 0 via_usd, 0 without a rate
  calendar AUDJPY H4: 30,631 bars 2006-01-04..2025-12-31, 10.5% inside the declared span, not carried: AUD
  calendar AUDUSD H4: 32,107 bars 2006-01-04..2025-12-31, 10.0% inside the declared span, not carried: AUD
  calendar DE40 H4: 18,061 bars 2010-11-15..2025-12-31, 17.5% inside the declared span
  calendar EURGBP H4: 32,105 bars 2006-01-04..2025-12-31, 10.0% inside the declared span
  calendar EURJPY H4: 32,110 bars 2006-01-04..2025-12-31, 10.0% inside the declared span
  calendar EURUSD H4: 32,110 bars 2006-01-04..2025-12-31, 10.0% inside the declared span
  calendar GBPJPY H4: 32,092 bars 2006-01-04..2025-12-31, 10.0% inside the declared span
  calendar GBPUSD H4: 32,106 bars 2006-01-04..2025-12-31, 10.0% inside the declared span
  calendar NZDUSD H4: 32,105 bars 2006-01-04..2025-12-31, 10.0% inside the declared span, not carried: NZD
  calendar UK100 H4: 19,684 bars 2010-11-15..2025-12-31, 16.1% inside the declared span
  calendar US500 H4: 24,066 bars 2010-11-14..2025-12-31, 13.3% inside the declared span
  calendar USDCAD H4: 32,105 bars 2006-01-04..2025-12-31, 10.0% inside the declared span, not carried: CAD
  calendar USDCHF H4: 32,101 bars 2006-01-04..2025-12-31, 10.0% inside the declared span, not carried: CHF
  calendar USDJPY H4: 32,105 bars 2006-01-04..2025-12-31, 10.0% inside the declared span
  calendar XAGUSD H4: 26,620 bars 2009-05-03..2025-12-31, 12.0% inside the declared span
  calendar XAUUSD H4: 26,837 bars 2009-03-15..2025-12-31, 11.9% inside the declared span
seeds: ['tsmom_dual_horizon']
hypotheses: ['gold_range_breakout_persists', 'golden_pocket_pullback_holds', 'kumo_state_conditions_trend', 'macd_confirms_ema_trend', 'rsi_band_reversion_in_range']
  trim AUDUSD H4: bars_from=2006-01-04T00:00:00+00:00 dropped 6,903 of 39,010 bars
  trim DE40 H4: bars_from=2006-01-04T00:00:00+00:00 dropped 0 of 18,061 bars
  trim EURUSD H4: bars_from=2006-01-04T00:00:00+00:00 dropped 8,430 of 40,540 bars
  trim GBPUSD H4: bars_from=2006-01-04T00:00:00+00:00 dropped 8,437 of 40,543 bars
  trim NZDUSD H4: bars_from=2006-01-04T00:00:00+00:00 dropped 609 of 32,714 bars
  trim US500 H4: bars_from=2006-01-04T00:00:00+00:00 dropped 0 of 24,066 bars
  trim USDCAD H4: bars_from=2006-01-04T00:00:00+00:00 dropped 7,530 of 39,635 bars
  trim USDCHF H4: bars_from=2006-01-04T00:00:00+00:00 dropped 8,393 of 40,494 bars
  trim USDJPY H4: bars_from=2006-01-04T00:00:00+00:00 dropped 8,456 of 40,561 bars
  trim XAUUSD H4: bars_from=2006-01-04T00:00:00+00:00 dropped 0 of 26,837 bars
  trim AUDJPY H4: bars_from=2006-01-04T00:00:00+00:00 dropped 5,454 of 36,085 bars
  trim EURGBP H4: bars_from=2006-01-04T00:00:00+00:00 dropped 6,065 of 38,170 bars
  trim EURJPY H4: bars_from=2006-01-04T00:00:00+00:00 dropped 6,065 of 38,175 bars
  trim GBPJPY H4: bars_from=2006-01-04T00:00:00+00:00 dropped 5,771 of 37,863 bars
  trim UK100 H4: bars_from=2006-01-04T00:00:00+00:00 dropped 0 of 19,684 bars
  trim XAGUSD H4: bars_from=2006-01-04T00:00:00+00:00 dropped 0 of 26,620 bars

80 cells queued, 49 skipped, 1 mutations refused
planned trials 1120 + ledger prior 0 + declared prior 7376 = TRUE TRIAL COUNT 8496
  declared prior trials: K4 pre-registration: K3 true N 7376 = 3350 planned + 4026 prior (K1, K2, declared); see RESEARCH_LEDGER.md K4 entry
  tsmom_dual_horizon [6fd25ce7669f] on AUDUSD H4 via seed (16 trials)
  tsmom_dual_horizon [6fd25ce7669f] on DE40 H4 via seed (16 trials)
  tsmom_dual_horizon [6fd25ce7669f] on EURUSD H4 via seed (16 trials)
  tsmom_dual_horizon [6fd25ce7669f] on GBPUSD H4 via seed (16 trials)
  tsmom_dual_horizon [6fd25ce7669f] on NZDUSD H4 via seed (16 trials)
  tsmom_dual_horizon [6fd25ce7669f] on US500 H4 via seed (16 trials)
  tsmom_dual_horizon [6fd25ce7669f] on USDCAD H4 via seed (16 trials)
  tsmom_dual_horizon [6fd25ce7669f] on USDCHF H4 via seed (16 trials)
  tsmom_dual_horizon [6fd25ce7669f] on USDJPY H4 via seed (16 trials)
  tsmom_dual_horizon [6fd25ce7669f] on XAUUSD H4 via seed (16 trials)
  tsmom_dual_horizon_m6ae48a52 [6ae48a528f5a] on AUDUSD H4 via add_filter (16 trials)
  tsmom_dual_horizon_m6ae48a52 [6ae48a528f5a] on DE40 H4 via add_filter (16 trials)
  tsmom_dual_horizon_m6ae48a52 [6ae48a528f5a] on EURUSD H4 via add_filter (16 trials)
  tsmom_dual_horizon_m6ae48a52 [6ae48a528f5a] on GBPUSD H4 via add_filter (16 trials)
  tsmom_dual_horizon_m6ae48a52 [6ae48a528f5a] on NZDUSD H4 via add_filter (16 trials)
  tsmom_dual_horizon_m6ae48a52 [6ae48a528f5a] on US500 H4 via add_filter (16 trials)
  tsmom_dual_horizon_m6ae48a52 [6ae48a528f5a] on USDCAD H4 via add_filter (16 trials)
  tsmom_dual_horizon_m6ae48a52 [6ae48a528f5a] on USDCHF H4 via add_filter (16 trials)
  tsmom_dual_horizon_m6ae48a52 [6ae48a528f5a] on USDJPY H4 via add_filter (16 trials)
  tsmom_dual_horizon_m6ae48a52 [6ae48a528f5a] on XAUUSD H4 via add_filter (16 trials)
  tsmom_dual_horizon_md76b9594 [d76b959457df] on AUDUSD H4 via alter_stop_model (8 trials)
  tsmom_dual_horizon_md76b9594 [d76b959457df] on DE40 H4 via alter_stop_model (8 trials)
  tsmom_dual_horizon_md76b9594 [d76b959457df] on EURUSD H4 via alter_stop_model (8 trials)
  tsmom_dual_horizon_md76b9594 [d76b959457df] on GBPUSD H4 via alter_stop_model (8 trials)
  tsmom_dual_horizon_md76b9594 [d76b959457df] on NZDUSD H4 via alter_stop_model (8 trials)
  tsmom_dual_horizon_md76b9594 [d76b959457df] on US500 H4 via alter_stop_model (8 trials)
  tsmom_dual_horizon_md76b9594 [d76b959457df] on USDCAD H4 via alter_stop_model (8 trials)
  tsmom_dual_horizon_md76b9594 [d76b959457df] on USDCHF H4 via alter_stop_model (8 trials)
  tsmom_dual_horizon_md76b9594 [d76b959457df] on USDJPY H4 via alter_stop_model (8 trials)
  tsmom_dual_horizon_md76b9594 [d76b959457df] on XAUUSD H4 via alter_stop_model (8 trials)
  tsmom_dual_horizon_m61ee3211 [61ee3211d73b] on AUDUSD H4 via alter_target_model (16 trials)
  tsmom_dual_horizon_m61ee3211 [61ee3211d73b] on DE40 H4 via alter_target_model (16 trials)
  tsmom_dual_horizon_m61ee3211 [61ee3211d73b] on EURUSD H4 via alter_target_model (16 trials)
  tsmom_dual_horizon_m61ee3211 [61ee3211d73b] on GBPUSD H4 via alter_target_model (16 trials)
  tsmom_dual_horizon_m61ee3211 [61ee3211d73b] on NZDUSD H4 via alter_target_model (16 trials)
  tsmom_dual_horizon_m61ee3211 [61ee3211d73b] on US500 H4 via alter_target_model (16 trials)
  tsmom_dual_horizon_m61ee3211 [61ee3211d73b] on USDCAD H4 via alter_target_model (16 trials)
  tsmom_dual_horizon_m61ee3211 [61ee3211d73b] on USDCHF H4 via alter_target_model (16 trials)
  tsmom_dual_horizon_m61ee3211 [61ee3211d73b] on USDJPY H4 via alter_target_model (16 trials)
  tsmom_dual_horizon_m61ee3211 [61ee3211d73b] on XAUUSD H4 via alter_target_model (16 trials)
  tsmom_dual_horizon_mc04c00b2 [c04c00b20d38] on AUDUSD H4 via change_regime_gate (16 trials)
  tsmom_dual_horizon_mc04c00b2 [c04c00b20d38] on DE40 H4 via change_regime_gate (16 trials)
  tsmom_dual_horizon_mc04c00b2 [c04c00b20d38] on EURUSD H4 via change_regime_gate (16 trials)
  tsmom_dual_horizon_mc04c00b2 [c04c00b20d38] on GBPUSD H4 via change_regime_gate (16 trials)
  tsmom_dual_horizon_mc04c00b2 [c04c00b20d38] on NZDUSD H4 via change_regime_gate (16 trials)
  tsmom_dual_horizon_mc04c00b2 [c04c00b20d38] on US500 H4 via change_regime_gate (16 trials)
  tsmom_dual_horizon_mc04c00b2 [c04c00b20d38] on USDCAD H4 via change_regime_gate (16 trials)
  tsmom_dual_horizon_mc04c00b2 [c04c00b20d38] on USDCHF H4 via change_regime_gate (16 trials)
  tsmom_dual_horizon_mc04c00b2 [c04c00b20d38] on USDJPY H4 via change_regime_gate (16 trials)
  tsmom_dual_horizon_mc04c00b2 [c04c00b20d38] on XAUUSD H4 via change_regime_gate (16 trials)
  tsmom_dual_horizon_mf3293339 [f32933399023] on AUDUSD H4 via change_session_restriction (16 trials)
  tsmom_dual_horizon_mf3293339 [f32933399023] on DE40 H4 via change_session_restriction (16 trials)
  tsmom_dual_horizon_mf3293339 [f32933399023] on EURUSD H4 via change_session_restriction (16 trials)
  tsmom_dual_horizon_mf3293339 [f32933399023] on GBPUSD H4 via change_session_restriction (16 trials)
  tsmom_dual_horizon_mf3293339 [f32933399023] on NZDUSD H4 via change_session_restriction (16 trials)
  tsmom_dual_horizon_mf3293339 [f32933399023] on US500 H4 via change_session_restriction (16 trials)
  tsmom_dual_horizon_mf3293339 [f32933399023] on USDCAD H4 via change_session_restriction (16 trials)
  tsmom_dual_horizon_mf3293339 [f32933399023] on USDCHF H4 via change_session_restriction (16 trials)
  tsmom_dual_horizon_mf3293339 [f32933399023] on USDJPY H4 via change_session_restriction (16 trials)
  tsmom_dual_horizon_mf3293339 [f32933399023] on XAUUSD H4 via change_session_restriction (16 trials)
  tsmom_dual_horizon_m47768d76 [47768d76bcef] on AUDUSD H4 via change_confirmation_rule (16 trials)
  tsmom_dual_horizon_m47768d76 [47768d76bcef] on DE40 H4 via change_confirmation_rule (16 trials)
  tsmom_dual_horizon_m47768d76 [47768d76bcef] on EURUSD H4 via change_confirmation_rule (16 trials)
  tsmom_dual_horizon_m47768d76 [47768d76bcef] on GBPUSD H4 via change_confirmation_rule (16 trials)
  tsmom_dual_horizon_m47768d76 [47768d76bcef] on NZDUSD H4 via change_confirmation_rule (16 trials)
  tsmom_dual_horizon_m47768d76 [47768d76bcef] on US500 H4 via change_confirmation_rule (16 trials)
  tsmom_dual_horizon_m47768d76 [47768d76bcef] on USDCAD H4 via change_confirmation_rule (16 trials)
  tsmom_dual_horizon_m47768d76 [47768d76bcef] on USDCHF H4 via change_confirmation_rule (16 trials)
  tsmom_dual_horizon_m47768d76 [47768d76bcef] on USDJPY H4 via change_confirmation_rule (16 trials)
  tsmom_dual_horizon_m47768d76 [47768d76bcef] on XAUUSD H4 via change_confirmation_rule (16 trials)
  tsmom_dual_horizon_md7df8207 [d7df8207f23a] on AUDUSD H4 via simplify (8 trials)
  tsmom_dual_horizon_md7df8207 [d7df8207f23a] on DE40 H4 via simplify (8 trials)
  tsmom_dual_horizon_md7df8207 [d7df8207f23a] on EURUSD H4 via simplify (8 trials)
  tsmom_dual_horizon_md7df8207 [d7df8207f23a] on GBPUSD H4 via simplify (8 trials)
  tsmom_dual_horizon_md7df8207 [d7df8207f23a] on NZDUSD H4 via simplify (8 trials)
  tsmom_dual_horizon_md7df8207 [d7df8207f23a] on US500 H4 via simplify (8 trials)
  tsmom_dual_horizon_md7df8207 [d7df8207f23a] on USDCAD H4 via simplify (8 trials)
  tsmom_dual_horizon_md7df8207 [d7df8207f23a] on USDCHF H4 via simplify (8 trials)
  tsmom_dual_horizon_md7df8207 [d7df8207f23a] on USDJPY H4 via simplify (8 trials)
  tsmom_dual_horizon_md7df8207 [d7df8207f23a] on XAUUSD H4 via simplify (8 trials)

  SKIP tsmom_dual_horizon: mutation_rejected -- the parent declares no filters, so none can be removed
  SKIP tsmom_dual_horizon on AUDJPY H4: out_of_universe -- tsmom_dual_horizon declares universe ['EURUSD', 'GBPUSD', 'USDJPY', 'AUDUSD', 'USDCAD', 'USDCHF', 'NZDUSD', 'XAUUSD', 'US500', 'DE40'] and timeframe
  SKIP tsmom_dual_horizon on EURGBP H4: out_of_universe -- tsmom_dual_horizon declares universe ['EURUSD', 'GBPUSD', 'USDJPY', 'AUDUSD', 'USDCAD', 'USDCHF', 'NZDUSD', 'XAUUSD', 'US500', 'DE40'] and timeframe
  SKIP tsmom_dual_horizon on EURJPY H4: out_of_universe -- tsmom_dual_horizon declares universe ['EURUSD', 'GBPUSD', 'USDJPY', 'AUDUSD', 'USDCAD', 'USDCHF', 'NZDUSD', 'XAUUSD', 'US500', 'DE40'] and timeframe
  SKIP tsmom_dual_horizon on GBPJPY H4: out_of_universe -- tsmom_dual_horizon declares universe ['EURUSD', 'GBPUSD', 'USDJPY', 'AUDUSD', 'USDCAD', 'USDCHF', 'NZDUSD', 'XAUUSD', 'US500', 'DE40'] and timeframe
  SKIP tsmom_dual_horizon on UK100 H4: out_of_universe -- tsmom_dual_horizon declares universe ['EURUSD', 'GBPUSD', 'USDJPY', 'AUDUSD', 'USDCAD', 'USDCHF', 'NZDUSD', 'XAUUSD', 'US500', 'DE40'] and timeframes
  SKIP tsmom_dual_horizon on XAGUSD H4: out_of_universe -- tsmom_dual_horizon declares universe ['EURUSD', 'GBPUSD', 'USDJPY', 'AUDUSD', 'USDCAD', 'USDCHF', 'NZDUSD', 'XAUUSD', 'US500', 'DE40'] and timeframe
  SKIP tsmom_dual_horizon_m6ae48a52 on AUDJPY H4: out_of_universe -- tsmom_dual_horizon_m6ae48a52 declares universe ['EURUSD', 'GBPUSD', 'USDJPY', 'AUDUSD', 'USDCAD', 'USDCHF', 'NZDUSD', 'XAUUSD', 'US500', '
  SKIP tsmom_dual_horizon_m6ae48a52 on EURGBP H4: out_of_universe -- tsmom_dual_horizon_m6ae48a52 declares universe ['EURUSD', 'GBPUSD', 'USDJPY', 'AUDUSD', 'USDCAD', 'USDCHF', 'NZDUSD', 'XAUUSD', 'US500', '
  SKIP tsmom_dual_horizon_m6ae48a52 on EURJPY H4: out_of_universe -- tsmom_dual_horizon_m6ae48a52 declares universe ['EURUSD', 'GBPUSD', 'USDJPY', 'AUDUSD', 'USDCAD', 'USDCHF', 'NZDUSD', 'XAUUSD', 'US500', '
  SKIP tsmom_dual_horizon_m6ae48a52 on GBPJPY H4: out_of_universe -- tsmom_dual_horizon_m6ae48a52 declares universe ['EURUSD', 'GBPUSD', 'USDJPY', 'AUDUSD', 'USDCAD', 'USDCHF', 'NZDUSD', 'XAUUSD', 'US500', '
  SKIP tsmom_dual_horizon_m6ae48a52 on UK100 H4: out_of_universe -- tsmom_dual_horizon_m6ae48a52 declares universe ['EURUSD', 'GBPUSD', 'USDJPY', 'AUDUSD', 'USDCAD', 'USDCHF', 'NZDUSD', 'XAUUSD', 'US500', 'D
  SKIP tsmom_dual_horizon_m6ae48a52 on XAGUSD H4: out_of_universe -- tsmom_dual_horizon_m6ae48a52 declares universe ['EURUSD', 'GBPUSD', 'USDJPY', 'AUDUSD', 'USDCAD', 'USDCHF', 'NZDUSD', 'XAUUSD', 'US500', '
  SKIP tsmom_dual_horizon_md76b9594 on AUDJPY H4: out_of_universe -- tsmom_dual_horizon_md76b9594 declares universe ['EURUSD', 'GBPUSD', 'USDJPY', 'AUDUSD', 'USDCAD', 'USDCHF', 'NZDUSD', 'XAUUSD', 'US500', '
  SKIP tsmom_dual_horizon_md76b9594 on EURGBP H4: out_of_universe -- tsmom_dual_horizon_md76b9594 declares universe ['EURUSD', 'GBPUSD', 'USDJPY', 'AUDUSD', 'USDCAD', 'USDCHF', 'NZDUSD', 'XAUUSD', 'US500', '
  SKIP tsmom_dual_horizon_md76b9594 on EURJPY H4: out_of_universe -- tsmom_dual_horizon_md76b9594 declares universe ['EURUSD', 'GBPUSD', 'USDJPY', 'AUDUSD', 'USDCAD', 'USDCHF', 'NZDUSD', 'XAUUSD', 'US500', '
  SKIP tsmom_dual_horizon_md76b9594 on GBPJPY H4: out_of_universe -- tsmom_dual_horizon_md76b9594 declares universe ['EURUSD', 'GBPUSD', 'USDJPY', 'AUDUSD', 'USDCAD', 'USDCHF', 'NZDUSD', 'XAUUSD', 'US500', '
  SKIP tsmom_dual_horizon_md76b9594 on UK100 H4: out_of_universe -- tsmom_dual_horizon_md76b9594 declares universe ['EURUSD', 'GBPUSD', 'USDJPY', 'AUDUSD', 'USDCAD', 'USDCHF', 'NZDUSD', 'XAUUSD', 'US500', 'D
  SKIP tsmom_dual_horizon_md76b9594 on XAGUSD H4: out_of_universe -- tsmom_dual_horizon_md76b9594 declares universe ['EURUSD', 'GBPUSD', 'USDJPY', 'AUDUSD', 'USDCAD', 'USDCHF', 'NZDUSD', 'XAUUSD', 'US500', '
  SKIP tsmom_dual_horizon_m61ee3211 on AUDJPY H4: out_of_universe -- tsmom_dual_horizon_m61ee3211 declares universe ['EURUSD', 'GBPUSD', 'USDJPY', 'AUDUSD', 'USDCAD', 'USDCHF', 'NZDUSD', 'XAUUSD', 'US500', '
  SKIP tsmom_dual_horizon_m61ee3211 on EURGBP H4: out_of_universe -- tsmom_dual_horizon_m61ee3211 declares universe ['EURUSD', 'GBPUSD', 'USDJPY', 'AUDUSD', 'USDCAD', 'USDCHF', 'NZDUSD', 'XAUUSD', 'US500', '
  SKIP tsmom_dual_horizon_m61ee3211 on EURJPY H4: out_of_universe -- tsmom_dual_horizon_m61ee3211 declares universe ['EURUSD', 'GBPUSD', 'USDJPY', 'AUDUSD', 'USDCAD', 'USDCHF', 'NZDUSD', 'XAUUSD', 'US500', '
  SKIP tsmom_dual_horizon_m61ee3211 on GBPJPY H4: out_of_universe -- tsmom_dual_horizon_m61ee3211 declares universe ['EURUSD', 'GBPUSD', 'USDJPY', 'AUDUSD', 'USDCAD', 'USDCHF', 'NZDUSD', 'XAUUSD', 'US500', '
  SKIP tsmom_dual_horizon_m61ee3211 on UK100 H4: out_of_universe -- tsmom_dual_horizon_m61ee3211 declares universe ['EURUSD', 'GBPUSD', 'USDJPY', 'AUDUSD', 'USDCAD', 'USDCHF', 'NZDUSD', 'XAUUSD', 'US500', 'D
  SKIP tsmom_dual_horizon_m61ee3211 on XAGUSD H4: out_of_universe -- tsmom_dual_horizon_m61ee3211 declares universe ['EURUSD', 'GBPUSD', 'USDJPY', 'AUDUSD', 'USDCAD', 'USDCHF', 'NZDUSD', 'XAUUSD', 'US500', '
  SKIP tsmom_dual_horizon_mc04c00b2 on AUDJPY H4: out_of_universe -- tsmom_dual_horizon_mc04c00b2 declares universe ['EURUSD', 'GBPUSD', 'USDJPY', 'AUDUSD', 'USDCAD', 'USDCHF', 'NZDUSD', 'XAUUSD', 'US500', '
  SKIP tsmom_dual_horizon_mc04c00b2 on EURGBP H4: out_of_universe -- tsmom_dual_horizon_mc04c00b2 declares universe ['EURUSD', 'GBPUSD', 'USDJPY', 'AUDUSD', 'USDCAD', 'USDCHF', 'NZDUSD', 'XAUUSD', 'US500', '
  SKIP tsmom_dual_horizon_mc04c00b2 on EURJPY H4: out_of_universe -- tsmom_dual_horizon_mc04c00b2 declares universe ['EURUSD', 'GBPUSD', 'USDJPY', 'AUDUSD', 'USDCAD', 'USDCHF', 'NZDUSD', 'XAUUSD', 'US500', '
  SKIP tsmom_dual_horizon_mc04c00b2 on GBPJPY H4: out_of_universe -- tsmom_dual_horizon_mc04c00b2 declares universe ['EURUSD', 'GBPUSD', 'USDJPY', 'AUDUSD', 'USDCAD', 'USDCHF', 'NZDUSD', 'XAUUSD', 'US500', '
  SKIP tsmom_dual_horizon_mc04c00b2 on UK100 H4: out_of_universe -- tsmom_dual_horizon_mc04c00b2 declares universe ['EURUSD', 'GBPUSD', 'USDJPY', 'AUDUSD', 'USDCAD', 'USDCHF', 'NZDUSD', 'XAUUSD', 'US500', 'D
  SKIP tsmom_dual_horizon_mc04c00b2 on XAGUSD H4: out_of_universe -- tsmom_dual_horizon_mc04c00b2 declares universe ['EURUSD', 'GBPUSD', 'USDJPY', 'AUDUSD', 'USDCAD', 'USDCHF', 'NZDUSD', 'XAUUSD', 'US500', '
  SKIP tsmom_dual_horizon_mf3293339 on AUDJPY H4: out_of_universe -- tsmom_dual_horizon_mf3293339 declares universe ['EURUSD', 'GBPUSD', 'USDJPY', 'AUDUSD', 'USDCAD', 'USDCHF', 'NZDUSD', 'XAUUSD', 'US500', '
  SKIP tsmom_dual_horizon_mf3293339 on EURGBP H4: out_of_universe -- tsmom_dual_horizon_mf3293339 declares universe ['EURUSD', 'GBPUSD', 'USDJPY', 'AUDUSD', 'USDCAD', 'USDCHF', 'NZDUSD', 'XAUUSD', 'US500', '
  SKIP tsmom_dual_horizon_mf3293339 on EURJPY H4: out_of_universe -- tsmom_dual_horizon_mf3293339 declares universe ['EURUSD', 'GBPUSD', 'USDJPY', 'AUDUSD', 'USDCAD', 'USDCHF', 'NZDUSD', 'XAUUSD', 'US500', '
  SKIP tsmom_dual_horizon_mf3293339 on GBPJPY H4: out_of_universe -- tsmom_dual_horizon_mf3293339 declares universe ['EURUSD', 'GBPUSD', 'USDJPY', 'AUDUSD', 'USDCAD', 'USDCHF', 'NZDUSD', 'XAUUSD', 'US500', '
  SKIP tsmom_dual_horizon_mf3293339 on UK100 H4: out_of_universe -- tsmom_dual_horizon_mf3293339 declares universe ['EURUSD', 'GBPUSD', 'USDJPY', 'AUDUSD', 'USDCAD', 'USDCHF', 'NZDUSD', 'XAUUSD', 'US500', 'D
  SKIP tsmom_dual_horizon_mf3293339 on XAGUSD H4: out_of_universe -- tsmom_dual_horizon_mf3293339 declares universe ['EURUSD', 'GBPUSD', 'USDJPY', 'AUDUSD', 'USDCAD', 'USDCHF', 'NZDUSD', 'XAUUSD', 'US500', '
  SKIP tsmom_dual_horizon_m47768d76 on AUDJPY H4: out_of_universe -- tsmom_dual_horizon_m47768d76 declares universe ['EURUSD', 'GBPUSD', 'USDJPY', 'AUDUSD', 'USDCAD', 'USDCHF', 'NZDUSD', 'XAUUSD', 'US500', '
  SKIP tsmom_dual_horizon_m47768d76 on EURGBP H4: out_of_universe -- tsmom_dual_horizon_m47768d76 declares universe ['EURUSD', 'GBPUSD', 'USDJPY', 'AUDUSD', 'USDCAD', 'USDCHF', 'NZDUSD', 'XAUUSD', 'US500', '
  SKIP tsmom_dual_horizon_m47768d76 on EURJPY H4: out_of_universe -- tsmom_dual_horizon_m47768d76 declares universe ['EURUSD', 'GBPUSD', 'USDJPY', 'AUDUSD', 'USDCAD', 'USDCHF', 'NZDUSD', 'XAUUSD', 'US500', '
  SKIP tsmom_dual_horizon_m47768d76 on GBPJPY H4: out_of_universe -- tsmom_dual_horizon_m47768d76 declares universe ['EURUSD', 'GBPUSD', 'USDJPY', 'AUDUSD', 'USDCAD', 'USDCHF', 'NZDUSD', 'XAUUSD', 'US500', '
  SKIP tsmom_dual_horizon_m47768d76 on UK100 H4: out_of_universe -- tsmom_dual_horizon_m47768d76 declares universe ['EURUSD', 'GBPUSD', 'USDJPY', 'AUDUSD', 'USDCAD', 'USDCHF', 'NZDUSD', 'XAUUSD', 'US500', 'D
  SKIP tsmom_dual_horizon_m47768d76 on XAGUSD H4: out_of_universe -- tsmom_dual_horizon_m47768d76 declares universe ['EURUSD', 'GBPUSD', 'USDJPY', 'AUDUSD', 'USDCAD', 'USDCHF', 'NZDUSD', 'XAUUSD', 'US500', '
  SKIP tsmom_dual_horizon_md7df8207 on AUDJPY H4: out_of_universe -- tsmom_dual_horizon_md7df8207 declares universe ['EURUSD', 'GBPUSD', 'USDJPY', 'AUDUSD', 'USDCAD', 'USDCHF', 'NZDUSD', 'XAUUSD', 'US500', '
  SKIP tsmom_dual_horizon_md7df8207 on EURGBP H4: out_of_universe -- tsmom_dual_horizon_md7df8207 declares universe ['EURUSD', 'GBPUSD', 'USDJPY', 'AUDUSD', 'USDCAD', 'USDCHF', 'NZDUSD', 'XAUUSD', 'US500', '
  SKIP tsmom_dual_horizon_md7df8207 on EURJPY H4: out_of_universe -- tsmom_dual_horizon_md7df8207 declares universe ['EURUSD', 'GBPUSD', 'USDJPY', 'AUDUSD', 'USDCAD', 'USDCHF', 'NZDUSD', 'XAUUSD', 'US500', '
  SKIP tsmom_dual_horizon_md7df8207 on GBPJPY H4: out_of_universe -- tsmom_dual_horizon_md7df8207 declares universe ['EURUSD', 'GBPUSD', 'USDJPY', 'AUDUSD', 'USDCAD', 'USDCHF', 'NZDUSD', 'XAUUSD', 'US500', '
  SKIP tsmom_dual_horizon_md7df8207 on UK100 H4: out_of_universe -- tsmom_dual_horizon_md7df8207 declares universe ['EURUSD', 'GBPUSD', 'USDJPY', 'AUDUSD', 'USDCAD', 'USDCHF', 'NZDUSD', 'XAUUSD', 'US500', 'D
  SKIP tsmom_dual_horizon_md7df8207 on XAGUSD H4: out_of_universe -- tsmom_dual_horizon_md7df8207 declares universe ['EURUSD', 'GBPUSD', 'USDJPY', 'AUDUSD', 'USDCAD', 'USDCHF', 'NZDUSD', 'XAUUSD', 'US500', '

TRUE TRIAL COUNT 8496 (planned 1120 + ledger prior 0 + declared prior 7376)
  declared prior trials because: K4 pre-registration: K3 true N 7376 = 3350 planned + 4026 prior (K1, K2, declared); see RESEARCH_LEDGER.md K4 entry
  trim USDCAD H4: bars_from=2006-01-04T00:00:00+00:00 dropped 7,530 of 39,635 bars
  trim USDCHF H4: bars_from=2006-01-04T00:00:00+00:00 dropped 8,393 of 40,494 bars
  trim DE40 H4: bars_from=2006-01-04T00:00:00+00:00 dropped 0 of 18,061 bars
  trim AUDJPY H4: bars_from=2006-01-04T00:00:00+00:00 dropped 5,454 of 36,085 bars
  trim EURJPY H4: bars_from=2006-01-04T00:00:00+00:00 dropped 6,065 of 38,175 bars
  trim GBPJPY H4: bars_from=2006-01-04T00:00:00+00:00 dropped 5,771 of 37,863 bars
  trim USDJPY H4: bars_from=2006-01-04T00:00:00+00:00 dropped 8,456 of 40,561 bars
  trim AUDUSD H4: bars_from=2006-01-04T00:00:00+00:00 dropped 6,903 of 39,010 bars
  trim EURUSD H4: bars_from=2006-01-04T00:00:00+00:00 dropped 8,430 of 40,540 bars
  trim GBPUSD H4: bars_from=2006-01-04T00:00:00+00:00 dropped 8,437 of 40,543 bars
  trim NZDUSD H4: bars_from=2006-01-04T00:00:00+00:00 dropped 609 of 32,714 bars
  trim US500 H4: bars_from=2006-01-04T00:00:00+00:00 dropped 0 of 24,066 bars
  trim XAGUSD H4: bars_from=2006-01-04T00:00:00+00:00 dropped 0 of 26,620 bars
  trim XAUUSD H4: bars_from=2006-01-04T00:00:00+00:00 dropped 0 of 26,837 bars
  trim EURGBP H4: bars_from=2006-01-04T00:00:00+00:00 dropped 6,065 of 38,170 bars
  trim UK100 H4: bars_from=2006-01-04T00:00:00+00:00 dropped 0 of 19,684 bars
==== run_discovery_campaign 2026-09-29T23:13:27+00:00 ====
campaign_id: k4_tsmom_dual_horizon_engine_v3
engine_version: engine_v3_realism (required engine_v3_realism: ok)
account_ccy: GBP
fx_label: SeriesFxSource(GBP; daily closes as-of bar close; max_staleness=4 days 00:00:00; pivot=USD; GBPCAD@ds_d0200867a427881e787347e7[derived:H4 last close per UTC day], GBPCHF@ds_181371c2dd3bb8ca28046b86[derived:H4 last close per UTC day], EURGBP@ds_0bafc32b4ed7b8065261e7a4[derived:H4 last close per UTC day], GBPJPY@ds_9f7d5da5c796bd86da1011e8[derived:H4 last close per UTC day], GBPUSD@ds_b34988ed16240d36d2b9248c[derived:H4 last close per UTC day]; fallback via_usd where the direct cross has no fresh rate for CAD, CHF, EUR, JPY using USDCAD@ds_de6aae350c45f9f5025c7f56[derived:H4 last close per UTC day], USDCHF@ds_5a2b99b30031d45d3546c1ca[derived:H4 last close per UTC day], EURUSD@ds_d8739e54df9f12ecf0ce71c8[derived:H4 last close per UTC day], USDJPY@ds_300921ee00603a414fc03e98[derived:H4 last close per UTC day])
calendar: official: 339 events, declared 2024-01-01 00:00:00+00:00 .. 2026-12-04 13:30:00+00:00, currencies EUR, GBP, JPY, USD; policy enforce-where-covered; allow_empty_calendar=True
calendar_coverage: 16 series, share of bars inside the declared span 10.0% .. 17.5% (per series below and in calendar_coverage.json)
construction_policy: construction_v2 (run_validation default 'research_default': allocator equal_risk, tier probationary, lifecycle paper, config_sha256 4fb48d89a56b, correlation unmeasured (unmeasured_correlation=0.3))
gate_set: v2.0.0-audit (min_trades=400)
bars_from: 2006-01-04T00:00:00+00:00
universe: 16 instrument(s) AUDJPY AUDUSD DE40 EURGBP EURJPY EURUSD GBPJPY GBPUSD NZDUSD UK100 US500 USDCAD USDCHF USDJPY XAGUSD XAUUSD; timeframes H4
seeds_requested: tsmom_dual_horizon
budget: max_evaluations=100000 generations=1 grid=8x2 folds=4
external_prior_trials: 7376
data_root: var/datastore
====
  fx EURGBP: {"dataset_version_id": "ds_0bafc32b4ed7b8065261e7a4", "source_timeframe": "H4", "derivation": "derived from H4 closes: the last H4 bar to close in each UTC day, stamped at that bar's close", "first_known": "2002-03-04 21:00:00+00:00", "last_known": "2026-01-01 01:00:00+00:00", "observations": 7380, "gaps_over_max_staleness": 21}
  fx EURUSD: {"dataset_version_id": "ds_d8739e54df9f12ecf0ce71c8", "source_timeframe": "H4", "derivation": "derived from H4 closes: the last H4 bar to close in each UTC day, stamped at that bar's close", "first_known": "2000-05-31 21:00:00+00:00", "last_known": "2026-01-01 01:00:00+00:00", "observations": 7840, "gaps_over_max_staleness": 45}
  fx GBPCAD: {"dataset_version_id": "ds_d0200867a427881e787347e7", "source_timeframe": "H4", "derivation": "derived from H4 closes: the last H4 bar to close in each UTC day, stamped at that bar's close", "first_known": "2007-10-01 01:00:00+00:00", "last_known": "2026-01-01 01:00:00+00:00", "observations": 5646, "gaps_over_max_staleness": 4}
  fx GBPCHF: {"dataset_version_id": "ds_181371c2dd3bb8ca28046b86", "source_timeframe": "H4", "derivation": "derived from H4 closes: the last H4 bar to close in each UTC day, stamped at that bar's close", "first_known": "2002-08-20 21:00:00+00:00", "last_known": "2026-01-01 01:00:00+00:00", "observations": 7245, "gaps_over_max_staleness": 3}
  fx GBPJPY: {"dataset_version_id": "ds_9f7d5da5c796bd86da1011e8", "source_timeframe": "H4", "derivation": "derived from H4 closes: the last H4 bar to close in each UTC day, stamped at that bar's close", "first_known": "2002-05-01 21:00:00+00:00", "last_known": "2026-01-01 01:00:00+00:00", "observations": 7320, "gaps_over_max_staleness": 15}
  fx GBPUSD: {"dataset_version_id": "ds_b34988ed16240d36d2b9248c", "source_timeframe": "H4", "derivation": "derived from H4 closes: the last H4 bar to close in each UTC day, stamped at that bar's close", "first_known": "2000-05-31 21:00:00+00:00", "last_known": "2026-01-01 01:00:00+00:00", "observations": 7836, "gaps_over_max_staleness": 45}
  fx USDCAD: {"dataset_version_id": "ds_de6aae350c45f9f5025c7f56", "source_timeframe": "H4", "derivation": "derived from H4 closes: the last H4 bar to close in each UTC day, stamped at that bar's close", "first_known": "2000-06-12 21:00:00+00:00", "last_known": "2026-01-01 01:00:00+00:00", "observations": 7667, "gaps_over_max_staleness": 44}
  fx USDCHF: {"dataset_version_id": "ds_5a2b99b30031d45d3546c1ca", "source_timeframe": "H4", "derivation": "derived from H4 closes: the last H4 bar to close in each UTC day, stamped at that bar's close", "first_known": "2000-05-31 21:00:00+00:00", "last_known": "2026-01-01 01:00:00+00:00", "observations": 7830, "gaps_over_max_staleness": 45}
  fx USDJPY: {"dataset_version_id": "ds_300921ee00603a414fc03e98", "source_timeframe": "H4", "derivation": "derived from H4 closes: the last H4 bar to close in each UTC day, stamped at that bar's close", "first_known": "2000-05-31 21:00:00+00:00", "last_known": "2026-01-01 01:00:00+00:00", "observations": 7840, "gaps_over_max_staleness": 44}
  fx route AUDJPY H4: 30,625 bars direct, 6 via_usd (2009-02-22..2009-02-23), 0 without a rate
  fx route AUDUSD H4: 32,107 bars direct, 0 via_usd, 0 without a rate
  fx route DE40 H4: 18,061 bars direct, 0 via_usd, 0 without a rate
  fx route EURJPY H4: 32,104 bars direct, 6 via_usd (2009-02-22..2009-02-23), 0 without a rate
  fx route EURUSD H4: 32,110 bars direct, 0 via_usd, 0 without a rate
  fx route GBPJPY H4: 32,086 bars direct, 6 via_usd (2009-02-22..2009-02-23), 0 without a rate
  fx route GBPUSD H4: 32,106 bars direct, 0 via_usd, 0 without a rate
  fx route NZDUSD H4: 32,105 bars direct, 0 via_usd, 0 without a rate
  fx route US500 H4: 24,066 bars direct, 0 via_usd, 0 without a rate
  fx route USDCAD H4: 29,286 bars direct, 2,819 via_usd (2006-01-04..2019-01-07), 0 without a rate
  fx route USDCHF H4: 32,078 bars direct, 23 via_usd (2008-10-08..2008-10-13), 0 without a rate
  fx route USDJPY H4: 32,099 bars direct, 6 via_usd (2009-02-22..2009-02-23), 0 without a rate
  fx route XAGUSD H4: 26,620 bars direct, 0 via_usd, 0 without a rate
  fx route XAUUSD H4: 26,837 bars direct, 0 via_usd, 0 without a rate
  calendar AUDJPY H4: 30,631 bars 2006-01-04..2025-12-31, 10.5% inside the declared span, not carried: AUD
  calendar AUDUSD H4: 32,107 bars 2006-01-04..2025-12-31, 10.0% inside the declared span, not carried: AUD
  calendar DE40 H4: 18,061 bars 2010-11-15..2025-12-31, 17.5% inside the declared span
  calendar EURGBP H4: 32,105 bars 2006-01-04..2025-12-31, 10.0% inside the declared span
  calendar EURJPY H4: 32,110 bars 2006-01-04..2025-12-31, 10.0% inside the declared span
  calendar EURUSD H4: 32,110 bars 2006-01-04..2025-12-31, 10.0% inside the declared span
  calendar GBPJPY H4: 32,092 bars 2006-01-04..2025-12-31, 10.0% inside the declared span
  calendar GBPUSD H4: 32,106 bars 2006-01-04..2025-12-31, 10.0% inside the declared span
  calendar NZDUSD H4: 32,105 bars 2006-01-04..2025-12-31, 10.0% inside the declared span, not carried: NZD
  calendar UK100 H4: 19,684 bars 2010-11-15..2025-12-31, 16.1% inside the declared span
  calendar US500 H4: 24,066 bars 2010-11-14..2025-12-31, 13.3% inside the declared span
  calendar USDCAD H4: 32,105 bars 2006-01-04..2025-12-31, 10.0% inside the declared span, not carried: CAD
  calendar USDCHF H4: 32,101 bars 2006-01-04..2025-12-31, 10.0% inside the declared span, not carried: CHF
  calendar USDJPY H4: 32,105 bars 2006-01-04..2025-12-31, 10.0% inside the declared span
  calendar XAGUSD H4: 26,620 bars 2009-05-03..2025-12-31, 12.0% inside the declared span
  calendar XAUUSD H4: 26,837 bars 2009-03-15..2025-12-31, 11.9% inside the declared span
seeds: ['tsmom_dual_horizon']
hypotheses: ['gold_range_breakout_persists', 'golden_pocket_pullback_holds', 'kumo_state_conditions_trend', 'macd_confirms_ema_trend', 'rsi_band_reversion_in_range']
  trim AUDUSD H4: bars_from=2006-01-04T00:00:00+00:00 dropped 6,903 of 39,010 bars
  trim DE40 H4: bars_from=2006-01-04T00:00:00+00:00 dropped 0 of 18,061 bars
  trim EURUSD H4: bars_from=2006-01-04T00:00:00+00:00 dropped 8,430 of 40,540 bars
  trim GBPUSD H4: bars_from=2006-01-04T00:00:00+00:00 dropped 8,437 of 40,543 bars
  trim NZDUSD H4: bars_from=2006-01-04T00:00:00+00:00 dropped 609 of 32,714 bars
  trim US500 H4: bars_from=2006-01-04T00:00:00+00:00 dropped 0 of 24,066 bars
  trim USDCAD H4: bars_from=2006-01-04T00:00:00+00:00 dropped 7,530 of 39,635 bars
  trim USDCHF H4: bars_from=2006-01-04T00:00:00+00:00 dropped 8,393 of 40,494 bars
  trim USDJPY H4: bars_from=2006-01-04T00:00:00+00:00 dropped 8,456 of 40,561 bars
  trim XAUUSD H4: bars_from=2006-01-04T00:00:00+00:00 dropped 0 of 26,837 bars
  trim AUDJPY H4: bars_from=2006-01-04T00:00:00+00:00 dropped 5,454 of 36,085 bars
  trim EURGBP H4: bars_from=2006-01-04T00:00:00+00:00 dropped 6,065 of 38,170 bars
  trim EURJPY H4: bars_from=2006-01-04T00:00:00+00:00 dropped 6,065 of 38,175 bars
  trim GBPJPY H4: bars_from=2006-01-04T00:00:00+00:00 dropped 5,771 of 37,863 bars
  trim UK100 H4: bars_from=2006-01-04T00:00:00+00:00 dropped 0 of 19,684 bars
  trim XAGUSD H4: bars_from=2006-01-04T00:00:00+00:00 dropped 0 of 26,620 bars

80 cells queued, 49 skipped, 1 mutations refused
planned trials 1120 + ledger prior 0 + declared prior 7376 = TRUE TRIAL COUNT 8496
  declared prior trials: K4 pre-registration: K3 true N 7376 = 3350 planned + 4026 prior (K1, K2, declared); see RESEARCH_LEDGER.md K4 entry
  tsmom_dual_horizon [6fd25ce7669f] on AUDUSD H4 via seed (16 trials)
  tsmom_dual_horizon [6fd25ce7669f] on DE40 H4 via seed (16 trials)
  tsmom_dual_horizon [6fd25ce7669f] on EURUSD H4 via seed (16 trials)
  tsmom_dual_horizon [6fd25ce7669f] on GBPUSD H4 via seed (16 trials)
  tsmom_dual_horizon [6fd25ce7669f] on NZDUSD H4 via seed (16 trials)
  tsmom_dual_horizon [6fd25ce7669f] on US500 H4 via seed (16 trials)
  tsmom_dual_horizon [6fd25ce7669f] on USDCAD H4 via seed (16 trials)
  tsmom_dual_horizon [6fd25ce7669f] on USDCHF H4 via seed (16 trials)
  tsmom_dual_horizon [6fd25ce7669f] on USDJPY H4 via seed (16 trials)
  tsmom_dual_horizon [6fd25ce7669f] on XAUUSD H4 via seed (16 trials)
  tsmom_dual_horizon_m6ae48a52 [6ae48a528f5a] on AUDUSD H4 via add_filter (16 trials)
  tsmom_dual_horizon_m6ae48a52 [6ae48a528f5a] on DE40 H4 via add_filter (16 trials)
  tsmom_dual_horizon_m6ae48a52 [6ae48a528f5a] on EURUSD H4 via add_filter (16 trials)
  tsmom_dual_horizon_m6ae48a52 [6ae48a528f5a] on GBPUSD H4 via add_filter (16 trials)
  tsmom_dual_horizon_m6ae48a52 [6ae48a528f5a] on NZDUSD H4 via add_filter (16 trials)
  tsmom_dual_horizon_m6ae48a52 [6ae48a528f5a] on US500 H4 via add_filter (16 trials)
  tsmom_dual_horizon_m6ae48a52 [6ae48a528f5a] on USDCAD H4 via add_filter (16 trials)
  tsmom_dual_horizon_m6ae48a52 [6ae48a528f5a] on USDCHF H4 via add_filter (16 trials)
  tsmom_dual_horizon_m6ae48a52 [6ae48a528f5a] on USDJPY H4 via add_filter (16 trials)
  tsmom_dual_horizon_m6ae48a52 [6ae48a528f5a] on XAUUSD H4 via add_filter (16 trials)
  tsmom_dual_horizon_md76b9594 [d76b959457df] on AUDUSD H4 via alter_stop_model (8 trials)
  tsmom_dual_horizon_md76b9594 [d76b959457df] on DE40 H4 via alter_stop_model (8 trials)
  tsmom_dual_horizon_md76b9594 [d76b959457df] on EURUSD H4 via alter_stop_model (8 trials)
  tsmom_dual_horizon_md76b9594 [d76b959457df] on GBPUSD H4 via alter_stop_model (8 trials)
  tsmom_dual_horizon_md76b9594 [d76b959457df] on NZDUSD H4 via alter_stop_model (8 trials)
  tsmom_dual_horizon_md76b9594 [d76b959457df] on US500 H4 via alter_stop_model (8 trials)
  tsmom_dual_horizon_md76b9594 [d76b959457df] on USDCAD H4 via alter_stop_model (8 trials)
  tsmom_dual_horizon_md76b9594 [d76b959457df] on USDCHF H4 via alter_stop_model (8 trials)
  tsmom_dual_horizon_md76b9594 [d76b959457df] on USDJPY H4 via alter_stop_model (8 trials)
  tsmom_dual_horizon_md76b9594 [d76b959457df] on XAUUSD H4 via alter_stop_model (8 trials)
  tsmom_dual_horizon_m61ee3211 [61ee3211d73b] on AUDUSD H4 via alter_target_model (16 trials)
  tsmom_dual_horizon_m61ee3211 [61ee3211d73b] on DE40 H4 via alter_target_model (16 trials)
  tsmom_dual_horizon_m61ee3211 [61ee3211d73b] on EURUSD H4 via alter_target_model (16 trials)
  tsmom_dual_horizon_m61ee3211 [61ee3211d73b] on GBPUSD H4 via alter_target_model (16 trials)
  tsmom_dual_horizon_m61ee3211 [61ee3211d73b] on NZDUSD H4 via alter_target_model (16 trials)
  tsmom_dual_horizon_m61ee3211 [61ee3211d73b] on US500 H4 via alter_target_model (16 trials)
  tsmom_dual_horizon_m61ee3211 [61ee3211d73b] on USDCAD H4 via alter_target_model (16 trials)
  tsmom_dual_horizon_m61ee3211 [61ee3211d73b] on USDCHF H4 via alter_target_model (16 trials)
  tsmom_dual_horizon_m61ee3211 [61ee3211d73b] on USDJPY H4 via alter_target_model (16 trials)
  tsmom_dual_horizon_m61ee3211 [61ee3211d73b] on XAUUSD H4 via alter_target_model (16 trials)
  tsmom_dual_horizon_mc04c00b2 [c04c00b20d38] on AUDUSD H4 via change_regime_gate (16 trials)
  tsmom_dual_horizon_mc04c00b2 [c04c00b20d38] on DE40 H4 via change_regime_gate (16 trials)
  tsmom_dual_horizon_mc04c00b2 [c04c00b20d38] on EURUSD H4 via change_regime_gate (16 trials)
  tsmom_dual_horizon_mc04c00b2 [c04c00b20d38] on GBPUSD H4 via change_regime_gate (16 trials)
  tsmom_dual_horizon_mc04c00b2 [c04c00b20d38] on NZDUSD H4 via change_regime_gate (16 trials)
  tsmom_dual_horizon_mc04c00b2 [c04c00b20d38] on US500 H4 via change_regime_gate (16 trials)
  tsmom_dual_horizon_mc04c00b2 [c04c00b20d38] on USDCAD H4 via change_regime_gate (16 trials)
  tsmom_dual_horizon_mc04c00b2 [c04c00b20d38] on USDCHF H4 via change_regime_gate (16 trials)
  tsmom_dual_horizon_mc04c00b2 [c04c00b20d38] on USDJPY H4 via change_regime_gate (16 trials)
  tsmom_dual_horizon_mc04c00b2 [c04c00b20d38] on XAUUSD H4 via change_regime_gate (16 trials)
  tsmom_dual_horizon_mf3293339 [f32933399023] on AUDUSD H4 via change_session_restriction (16 trials)
  tsmom_dual_horizon_mf3293339 [f32933399023] on DE40 H4 via change_session_restriction (16 trials)
  tsmom_dual_horizon_mf3293339 [f32933399023] on EURUSD H4 via change_session_restriction (16 trials)
  tsmom_dual_horizon_mf3293339 [f32933399023] on GBPUSD H4 via change_session_restriction (16 trials)
  tsmom_dual_horizon_mf3293339 [f32933399023] on NZDUSD H4 via change_session_restriction (16 trials)
  tsmom_dual_horizon_mf3293339 [f32933399023] on US500 H4 via change_session_restriction (16 trials)
  tsmom_dual_horizon_mf3293339 [f32933399023] on USDCAD H4 via change_session_restriction (16 trials)
  tsmom_dual_horizon_mf3293339 [f32933399023] on USDCHF H4 via change_session_restriction (16 trials)
  tsmom_dual_horizon_mf3293339 [f32933399023] on USDJPY H4 via change_session_restriction (16 trials)
  tsmom_dual_horizon_mf3293339 [f32933399023] on XAUUSD H4 via change_session_restriction (16 trials)
  tsmom_dual_horizon_m47768d76 [47768d76bcef] on AUDUSD H4 via change_confirmation_rule (16 trials)
  tsmom_dual_horizon_m47768d76 [47768d76bcef] on DE40 H4 via change_confirmation_rule (16 trials)
  tsmom_dual_horizon_m47768d76 [47768d76bcef] on EURUSD H4 via change_confirmation_rule (16 trials)
  tsmom_dual_horizon_m47768d76 [47768d76bcef] on GBPUSD H4 via change_confirmation_rule (16 trials)
  tsmom_dual_horizon_m47768d76 [47768d76bcef] on NZDUSD H4 via change_confirmation_rule (16 trials)
  tsmom_dual_horizon_m47768d76 [47768d76bcef] on US500 H4 via change_confirmation_rule (16 trials)
  tsmom_dual_horizon_m47768d76 [47768d76bcef] on USDCAD H4 via change_confirmation_rule (16 trials)
  tsmom_dual_horizon_m47768d76 [47768d76bcef] on USDCHF H4 via change_confirmation_rule (16 trials)
  tsmom_dual_horizon_m47768d76 [47768d76bcef] on USDJPY H4 via change_confirmation_rule (16 trials)
  tsmom_dual_horizon_m47768d76 [47768d76bcef] on XAUUSD H4 via change_confirmation_rule (16 trials)
  tsmom_dual_horizon_md7df8207 [d7df8207f23a] on AUDUSD H4 via simplify (8 trials)
  tsmom_dual_horizon_md7df8207 [d7df8207f23a] on DE40 H4 via simplify (8 trials)
  tsmom_dual_horizon_md7df8207 [d7df8207f23a] on EURUSD H4 via simplify (8 trials)
  tsmom_dual_horizon_md7df8207 [d7df8207f23a] on GBPUSD H4 via simplify (8 trials)
  tsmom_dual_horizon_md7df8207 [d7df8207f23a] on NZDUSD H4 via simplify (8 trials)
  tsmom_dual_horizon_md7df8207 [d7df8207f23a] on US500 H4 via simplify (8 trials)
  tsmom_dual_horizon_md7df8207 [d7df8207f23a] on USDCAD H4 via simplify (8 trials)
  tsmom_dual_horizon_md7df8207 [d7df8207f23a] on USDCHF H4 via simplify (8 trials)
  tsmom_dual_horizon_md7df8207 [d7df8207f23a] on USDJPY H4 via simplify (8 trials)
  tsmom_dual_horizon_md7df8207 [d7df8207f23a] on XAUUSD H4 via simplify (8 trials)

  SKIP tsmom_dual_horizon: mutation_rejected -- the parent declares no filters, so none can be removed
  SKIP tsmom_dual_horizon on AUDJPY H4: out_of_universe -- tsmom_dual_horizon declares universe ['EURUSD', 'GBPUSD', 'USDJPY', 'AUDUSD', 'USDCAD', 'USDCHF', 'NZDUSD', 'XAUUSD', 'US500', 'DE40'] and timeframe
  SKIP tsmom_dual_horizon on EURGBP H4: out_of_universe -- tsmom_dual_horizon declares universe ['EURUSD', 'GBPUSD', 'USDJPY', 'AUDUSD', 'USDCAD', 'USDCHF', 'NZDUSD', 'XAUUSD', 'US500', 'DE40'] and timeframe
  SKIP tsmom_dual_horizon on EURJPY H4: out_of_universe -- tsmom_dual_horizon declares universe ['EURUSD', 'GBPUSD', 'USDJPY', 'AUDUSD', 'USDCAD', 'USDCHF', 'NZDUSD', 'XAUUSD', 'US500', 'DE40'] and timeframe
  SKIP tsmom_dual_horizon on GBPJPY H4: out_of_universe -- tsmom_dual_horizon declares universe ['EURUSD', 'GBPUSD', 'USDJPY', 'AUDUSD', 'USDCAD', 'USDCHF', 'NZDUSD', 'XAUUSD', 'US500', 'DE40'] and timeframe
  SKIP tsmom_dual_horizon on UK100 H4: out_of_universe -- tsmom_dual_horizon declares universe ['EURUSD', 'GBPUSD', 'USDJPY', 'AUDUSD', 'USDCAD', 'USDCHF', 'NZDUSD', 'XAUUSD', 'US500', 'DE40'] and timeframes
  SKIP tsmom_dual_horizon on XAGUSD H4: out_of_universe -- tsmom_dual_horizon declares universe ['EURUSD', 'GBPUSD', 'USDJPY', 'AUDUSD', 'USDCAD', 'USDCHF', 'NZDUSD', 'XAUUSD', 'US500', 'DE40'] and timeframe
  SKIP tsmom_dual_horizon_m6ae48a52 on AUDJPY H4: out_of_universe -- tsmom_dual_horizon_m6ae48a52 declares universe ['EURUSD', 'GBPUSD', 'USDJPY', 'AUDUSD', 'USDCAD', 'USDCHF', 'NZDUSD', 'XAUUSD', 'US500', '
  SKIP tsmom_dual_horizon_m6ae48a52 on EURGBP H4: out_of_universe -- tsmom_dual_horizon_m6ae48a52 declares universe ['EURUSD', 'GBPUSD', 'USDJPY', 'AUDUSD', 'USDCAD', 'USDCHF', 'NZDUSD', 'XAUUSD', 'US500', '
  SKIP tsmom_dual_horizon_m6ae48a52 on EURJPY H4: out_of_universe -- tsmom_dual_horizon_m6ae48a52 declares universe ['EURUSD', 'GBPUSD', 'USDJPY', 'AUDUSD', 'USDCAD', 'USDCHF', 'NZDUSD', 'XAUUSD', 'US500', '
  SKIP tsmom_dual_horizon_m6ae48a52 on GBPJPY H4: out_of_universe -- tsmom_dual_horizon_m6ae48a52 declares universe ['EURUSD', 'GBPUSD', 'USDJPY', 'AUDUSD', 'USDCAD', 'USDCHF', 'NZDUSD', 'XAUUSD', 'US500', '
  SKIP tsmom_dual_horizon_m6ae48a52 on UK100 H4: out_of_universe -- tsmom_dual_horizon_m6ae48a52 declares universe ['EURUSD', 'GBPUSD', 'USDJPY', 'AUDUSD', 'USDCAD', 'USDCHF', 'NZDUSD', 'XAUUSD', 'US500', 'D
  SKIP tsmom_dual_horizon_m6ae48a52 on XAGUSD H4: out_of_universe -- tsmom_dual_horizon_m6ae48a52 declares universe ['EURUSD', 'GBPUSD', 'USDJPY', 'AUDUSD', 'USDCAD', 'USDCHF', 'NZDUSD', 'XAUUSD', 'US500', '
  SKIP tsmom_dual_horizon_md76b9594 on AUDJPY H4: out_of_universe -- tsmom_dual_horizon_md76b9594 declares universe ['EURUSD', 'GBPUSD', 'USDJPY', 'AUDUSD', 'USDCAD', 'USDCHF', 'NZDUSD', 'XAUUSD', 'US500', '
  SKIP tsmom_dual_horizon_md76b9594 on EURGBP H4: out_of_universe -- tsmom_dual_horizon_md76b9594 declares universe ['EURUSD', 'GBPUSD', 'USDJPY', 'AUDUSD', 'USDCAD', 'USDCHF', 'NZDUSD', 'XAUUSD', 'US500', '
  SKIP tsmom_dual_horizon_md76b9594 on EURJPY H4: out_of_universe -- tsmom_dual_horizon_md76b9594 declares universe ['EURUSD', 'GBPUSD', 'USDJPY', 'AUDUSD', 'USDCAD', 'USDCHF', 'NZDUSD', 'XAUUSD', 'US500', '
  SKIP tsmom_dual_horizon_md76b9594 on GBPJPY H4: out_of_universe -- tsmom_dual_horizon_md76b9594 declares universe ['EURUSD', 'GBPUSD', 'USDJPY', 'AUDUSD', 'USDCAD', 'USDCHF', 'NZDUSD', 'XAUUSD', 'US500', '
  SKIP tsmom_dual_horizon_md76b9594 on UK100 H4: out_of_universe -- tsmom_dual_horizon_md76b9594 declares universe ['EURUSD', 'GBPUSD', 'USDJPY', 'AUDUSD', 'USDCAD', 'USDCHF', 'NZDUSD', 'XAUUSD', 'US500', 'D
  SKIP tsmom_dual_horizon_md76b9594 on XAGUSD H4: out_of_universe -- tsmom_dual_horizon_md76b9594 declares universe ['EURUSD', 'GBPUSD', 'USDJPY', 'AUDUSD', 'USDCAD', 'USDCHF', 'NZDUSD', 'XAUUSD', 'US500', '
  SKIP tsmom_dual_horizon_m61ee3211 on AUDJPY H4: out_of_universe -- tsmom_dual_horizon_m61ee3211 declares universe ['EURUSD', 'GBPUSD', 'USDJPY', 'AUDUSD', 'USDCAD', 'USDCHF', 'NZDUSD', 'XAUUSD', 'US500', '
  SKIP tsmom_dual_horizon_m61ee3211 on EURGBP H4: out_of_universe -- tsmom_dual_horizon_m61ee3211 declares universe ['EURUSD', 'GBPUSD', 'USDJPY', 'AUDUSD', 'USDCAD', 'USDCHF', 'NZDUSD', 'XAUUSD', 'US500', '
  SKIP tsmom_dual_horizon_m61ee3211 on EURJPY H4: out_of_universe -- tsmom_dual_horizon_m61ee3211 declares universe ['EURUSD', 'GBPUSD', 'USDJPY', 'AUDUSD', 'USDCAD', 'USDCHF', 'NZDUSD', 'XAUUSD', 'US500', '
  SKIP tsmom_dual_horizon_m61ee3211 on GBPJPY H4: out_of_universe -- tsmom_dual_horizon_m61ee3211 declares universe ['EURUSD', 'GBPUSD', 'USDJPY', 'AUDUSD', 'USDCAD', 'USDCHF', 'NZDUSD', 'XAUUSD', 'US500', '
  SKIP tsmom_dual_horizon_m61ee3211 on UK100 H4: out_of_universe -- tsmom_dual_horizon_m61ee3211 declares universe ['EURUSD', 'GBPUSD', 'USDJPY', 'AUDUSD', 'USDCAD', 'USDCHF', 'NZDUSD', 'XAUUSD', 'US500', 'D
  SKIP tsmom_dual_horizon_m61ee3211 on XAGUSD H4: out_of_universe -- tsmom_dual_horizon_m61ee3211 declares universe ['EURUSD', 'GBPUSD', 'USDJPY', 'AUDUSD', 'USDCAD', 'USDCHF', 'NZDUSD', 'XAUUSD', 'US500', '
  SKIP tsmom_dual_horizon_mc04c00b2 on AUDJPY H4: out_of_universe -- tsmom_dual_horizon_mc04c00b2 declares universe ['EURUSD', 'GBPUSD', 'USDJPY', 'AUDUSD', 'USDCAD', 'USDCHF', 'NZDUSD', 'XAUUSD', 'US500', '
  SKIP tsmom_dual_horizon_mc04c00b2 on EURGBP H4: out_of_universe -- tsmom_dual_horizon_mc04c00b2 declares universe ['EURUSD', 'GBPUSD', 'USDJPY', 'AUDUSD', 'USDCAD', 'USDCHF', 'NZDUSD', 'XAUUSD', 'US500', '
  SKIP tsmom_dual_horizon_mc04c00b2 on EURJPY H4: out_of_universe -- tsmom_dual_horizon_mc04c00b2 declares universe ['EURUSD', 'GBPUSD', 'USDJPY', 'AUDUSD', 'USDCAD', 'USDCHF', 'NZDUSD', 'XAUUSD', 'US500', '
  SKIP tsmom_dual_horizon_mc04c00b2 on GBPJPY H4: out_of_universe -- tsmom_dual_horizon_mc04c00b2 declares universe ['EURUSD', 'GBPUSD', 'USDJPY', 'AUDUSD', 'USDCAD', 'USDCHF', 'NZDUSD', 'XAUUSD', 'US500', '
  SKIP tsmom_dual_horizon_mc04c00b2 on UK100 H4: out_of_universe -- tsmom_dual_horizon_mc04c00b2 declares universe ['EURUSD', 'GBPUSD', 'USDJPY', 'AUDUSD', 'USDCAD', 'USDCHF', 'NZDUSD', 'XAUUSD', 'US500', 'D
  SKIP tsmom_dual_horizon_mc04c00b2 on XAGUSD H4: out_of_universe -- tsmom_dual_horizon_mc04c00b2 declares universe ['EURUSD', 'GBPUSD', 'USDJPY', 'AUDUSD', 'USDCAD', 'USDCHF', 'NZDUSD', 'XAUUSD', 'US500', '
  SKIP tsmom_dual_horizon_mf3293339 on AUDJPY H4: out_of_universe -- tsmom_dual_horizon_mf3293339 declares universe ['EURUSD', 'GBPUSD', 'USDJPY', 'AUDUSD', 'USDCAD', 'USDCHF', 'NZDUSD', 'XAUUSD', 'US500', '
  SKIP tsmom_dual_horizon_mf3293339 on EURGBP H4: out_of_universe -- tsmom_dual_horizon_mf3293339 declares universe ['EURUSD', 'GBPUSD', 'USDJPY', 'AUDUSD', 'USDCAD', 'USDCHF', 'NZDUSD', 'XAUUSD', 'US500', '
  SKIP tsmom_dual_horizon_mf3293339 on EURJPY H4: out_of_universe -- tsmom_dual_horizon_mf3293339 declares universe ['EURUSD', 'GBPUSD', 'USDJPY', 'AUDUSD', 'USDCAD', 'USDCHF', 'NZDUSD', 'XAUUSD', 'US500', '
  SKIP tsmom_dual_horizon_mf3293339 on GBPJPY H4: out_of_universe -- tsmom_dual_horizon_mf3293339 declares universe ['EURUSD', 'GBPUSD', 'USDJPY', 'AUDUSD', 'USDCAD', 'USDCHF', 'NZDUSD', 'XAUUSD', 'US500', '
  SKIP tsmom_dual_horizon_mf3293339 on UK100 H4: out_of_universe -- tsmom_dual_horizon_mf3293339 declares universe ['EURUSD', 'GBPUSD', 'USDJPY', 'AUDUSD', 'USDCAD', 'USDCHF', 'NZDUSD', 'XAUUSD', 'US500', 'D
  SKIP tsmom_dual_horizon_mf3293339 on XAGUSD H4: out_of_universe -- tsmom_dual_horizon_mf3293339 declares universe ['EURUSD', 'GBPUSD', 'USDJPY', 'AUDUSD', 'USDCAD', 'USDCHF', 'NZDUSD', 'XAUUSD', 'US500', '
  SKIP tsmom_dual_horizon_m47768d76 on AUDJPY H4: out_of_universe -- tsmom_dual_horizon_m47768d76 declares universe ['EURUSD', 'GBPUSD', 'USDJPY', 'AUDUSD', 'USDCAD', 'USDCHF', 'NZDUSD', 'XAUUSD', 'US500', '
  SKIP tsmom_dual_horizon_m47768d76 on EURGBP H4: out_of_universe -- tsmom_dual_horizon_m47768d76 declares universe ['EURUSD', 'GBPUSD', 'USDJPY', 'AUDUSD', 'USDCAD', 'USDCHF', 'NZDUSD', 'XAUUSD', 'US500', '
  SKIP tsmom_dual_horizon_m47768d76 on EURJPY H4: out_of_universe -- tsmom_dual_horizon_m47768d76 declares universe ['EURUSD', 'GBPUSD', 'USDJPY', 'AUDUSD', 'USDCAD', 'USDCHF', 'NZDUSD', 'XAUUSD', 'US500', '
  SKIP tsmom_dual_horizon_m47768d76 on GBPJPY H4: out_of_universe -- tsmom_dual_horizon_m47768d76 declares universe ['EURUSD', 'GBPUSD', 'USDJPY', 'AUDUSD', 'USDCAD', 'USDCHF', 'NZDUSD', 'XAUUSD', 'US500', '
  SKIP tsmom_dual_horizon_m47768d76 on UK100 H4: out_of_universe -- tsmom_dual_horizon_m47768d76 declares universe ['EURUSD', 'GBPUSD', 'USDJPY', 'AUDUSD', 'USDCAD', 'USDCHF', 'NZDUSD', 'XAUUSD', 'US500', 'D
  SKIP tsmom_dual_horizon_m47768d76 on XAGUSD H4: out_of_universe -- tsmom_dual_horizon_m47768d76 declares universe ['EURUSD', 'GBPUSD', 'USDJPY', 'AUDUSD', 'USDCAD', 'USDCHF', 'NZDUSD', 'XAUUSD', 'US500', '
  SKIP tsmom_dual_horizon_md7df8207 on AUDJPY H4: out_of_universe -- tsmom_dual_horizon_md7df8207 declares universe ['EURUSD', 'GBPUSD', 'USDJPY', 'AUDUSD', 'USDCAD', 'USDCHF', 'NZDUSD', 'XAUUSD', 'US500', '
  SKIP tsmom_dual_horizon_md7df8207 on EURGBP H4: out_of_universe -- tsmom_dual_horizon_md7df8207 declares universe ['EURUSD', 'GBPUSD', 'USDJPY', 'AUDUSD', 'USDCAD', 'USDCHF', 'NZDUSD', 'XAUUSD', 'US500', '
  SKIP tsmom_dual_horizon_md7df8207 on EURJPY H4: out_of_universe -- tsmom_dual_horizon_md7df8207 declares universe ['EURUSD', 'GBPUSD', 'USDJPY', 'AUDUSD', 'USDCAD', 'USDCHF', 'NZDUSD', 'XAUUSD', 'US500', '
  SKIP tsmom_dual_horizon_md7df8207 on GBPJPY H4: out_of_universe -- tsmom_dual_horizon_md7df8207 declares universe ['EURUSD', 'GBPUSD', 'USDJPY', 'AUDUSD', 'USDCAD', 'USDCHF', 'NZDUSD', 'XAUUSD', 'US500', '
  SKIP tsmom_dual_horizon_md7df8207 on UK100 H4: out_of_universe -- tsmom_dual_horizon_md7df8207 declares universe ['EURUSD', 'GBPUSD', 'USDJPY', 'AUDUSD', 'USDCAD', 'USDCHF', 'NZDUSD', 'XAUUSD', 'US500', 'D
  SKIP tsmom_dual_horizon_md7df8207 on XAGUSD H4: out_of_universe -- tsmom_dual_horizon_md7df8207 declares universe ['EURUSD', 'GBPUSD', 'USDJPY', 'AUDUSD', 'USDCAD', 'USDCHF', 'NZDUSD', 'XAUUSD', 'US500', '

TRUE TRIAL COUNT 8496 (planned 1120 + ledger prior 0 + declared prior 7376)
  declared prior trials because: K4 pre-registration: K3 true N 7376 = 3350 planned + 4026 prior (K1, K2, declared); see RESEARCH_LEDGER.md K4 entry

campaign k4_tsmom_dual_horizon_engine_v3: 80 evaluated, 49 skipped, 0 survived, true trial count 8496

  tsmom_dual_horizon on AUDUSD H4: REJECT at RUNG 0 SANITY -- RUNG 0 SANITY: expectancy -0.486601 at declared defaults is not positive; there is no edge to validate.
  tsmom_dual_horizon on DE40 H4: REJECT at RUNG 0 SANITY -- min_trades: observed 163, required gte 400, short by 237
  tsmom_dual_horizon on EURUSD H4: REJECT at RUNG 0 SANITY -- min_trades: observed 385, required gte 400, short by 15
  tsmom_dual_horizon on GBPUSD H4: REJECT at RUNG 0 SANITY -- RUNG 0 SANITY: expectancy -1.22736 at declared defaults is not positive; there is no edge to validate.
  tsmom_dual_horizon on NZDUSD H4: REJECT at RUNG 0 SANITY -- RUNG 0 SANITY: expectancy -0.716509 at declared defaults is not positive; there is no edge to validate.
  tsmom_dual_horizon on US500 H4: REJECT at RUNG 0 SANITY -- min_trades: observed 345, required gte 400, short by 55
  tsmom_dual_horizon on USDCAD H4: REJECT at RUNG 0 SANITY -- min_trades: observed 365, required gte 400, short by 35
  tsmom_dual_horizon on USDCHF H4: REJECT at RUNG 0 SANITY -- RUNG 0 SANITY: expectancy -0.958774 at declared defaults is not positive; there is no edge to validate.
  tsmom_dual_horizon on USDJPY H4: REJECT at RUNG 0 SANITY -- RUNG 0 SANITY: expectancy -0.705058 at declared defaults is not positive; there is no edge to validate.
  tsmom_dual_horizon on XAUUSD H4: REJECT at RUNG 0 SANITY -- RUNG 0 SANITY: expectancy -0.11301 at declared defaults is not positive; there is no edge to validate.
  tsmom_dual_horizon_m6ae48a52 on AUDUSD H4: REJECT at RUNG 0 SANITY -- RUNG 0 SANITY: expectancy -0.430802 at declared defaults is not positive; there is no edge to validate.
  tsmom_dual_horizon_m6ae48a52 on DE40 H4: REJECT at RUNG 0 SANITY -- min_trades: observed 162, required gte 400, short by 238
  tsmom_dual_horizon_m6ae48a52 on EURUSD H4: REJECT at RUNG 0 SANITY -- min_trades: observed 382, required gte 400, short by 18
  tsmom_dual_horizon_m6ae48a52 on GBPUSD H4: REJECT at RUNG 0 SANITY -- RUNG 0 SANITY: expectancy -1.21155 at declared defaults is not positive; there is no edge to validate.
  tsmom_dual_horizon_m6ae48a52 on NZDUSD H4: REJECT at RUNG 0 SANITY -- RUNG 0 SANITY: expectancy -0.754095 at declared defaults is not positive; there is no edge to validate.
  tsmom_dual_horizon_m6ae48a52 on US500 H4: REJECT at RUNG 0 SANITY -- min_trades: observed 346, required gte 400, short by 54
  tsmom_dual_horizon_m6ae48a52 on USDCAD H4: REJECT at RUNG 0 SANITY -- min_trades: observed 361, required gte 400, short by 39
  tsmom_dual_horizon_m6ae48a52 on USDCHF H4: REJECT at RUNG 0 SANITY -- RUNG 0 SANITY: expectancy -0.919633 at declared defaults is not positive; there is no edge to validate.
  tsmom_dual_horizon_m6ae48a52 on USDJPY H4: REJECT at RUNG 0 SANITY -- RUNG 0 SANITY: expectancy -0.464977 at declared defaults is not positive; there is no edge to validate.
  tsmom_dual_horizon_m6ae48a52 on XAUUSD H4: REJECT at RUNG 0 SANITY -- RUNG 0 SANITY: expectancy -0.184208 at declared defaults is not positive; there is no edge to validate.
  tsmom_dual_horizon_md76b9594 on AUDUSD H4: REJECT at RUNG 0 SANITY -- RUNG 0 SANITY: expectancy -0.463747 at declared defaults is not positive; there is no edge to validate.
  tsmom_dual_horizon_md76b9594 on DE40 H4: REJECT at RUNG 0 SANITY -- min_trades: observed 116, required gte 400, short by 284
  tsmom_dual_horizon_md76b9594 on EURUSD H4: REJECT at RUNG 0 SANITY -- min_trades: observed 371, required gte 400, short by 29
  tsmom_dual_horizon_md76b9594 on GBPUSD H4: REJECT at RUNG 0 SANITY -- min_trades: observed 396, required gte 400, short by 4
  tsmom_dual_horizon_md76b9594 on NZDUSD H4: REJECT at RUNG 0 SANITY -- RUNG 0 SANITY: expectancy -0.76794 at declared defaults is not positive; there is no edge to validate.
  tsmom_dual_horizon_md76b9594 on US500 H4: REJECT at RUNG 0 SANITY -- min_trades: observed 338, required gte 400, short by 62
  tsmom_dual_horizon_md76b9594 on USDCAD H4: REJECT at RUNG 0 SANITY -- min_trades: observed 350, required gte 400, short by 50
  tsmom_dual_horizon_md76b9594 on USDCHF H4: REJECT at RUNG 0 SANITY -- RUNG 0 SANITY: expectancy -1.15556 at declared defaults is not positive; there is no edge to validate.
  tsmom_dual_horizon_md76b9594 on USDJPY H4: REJECT at RUNG 0 SANITY -- min_trades: observed 397, required gte 400, short by 3
  tsmom_dual_horizon_md76b9594 on XAUUSD H4: REJECT at RUNG 0 SANITY -- RUNG 0 SANITY: expectancy -0.48065 at declared defaults is not positive; there is no edge to validate.
  tsmom_dual_horizon_m61ee3211 on AUDUSD H4: REJECT at RUNG 0 SANITY -- RUNG 0 SANITY: expectancy -0.454855 at declared defaults is not positive; there is no edge to validate.
  tsmom_dual_horizon_m61ee3211 on DE40 H4: REJECT at RUNG 0 SANITY -- min_trades: observed 163, required gte 400, short by 237
  tsmom_dual_horizon_m61ee3211 on EURUSD H4: REJECT at RUNG 0 SANITY -- min_trades: observed 385, required gte 400, short by 15
  tsmom_dual_horizon_m61ee3211 on GBPUSD H4: REJECT at RUNG 0 SANITY -- RUNG 0 SANITY: expectancy -1.30586 at declared defaults is not positive; there is no edge to validate.
  tsmom_dual_horizon_m61ee3211 on NZDUSD H4: REJECT at RUNG 0 SANITY -- RUNG 0 SANITY: expectancy -0.714591 at declared defaults is not positive; there is no edge to validate.
  tsmom_dual_horizon_m61ee3211 on US500 H4: REJECT at RUNG 0 SANITY -- min_trades: observed 345, required gte 400, short by 55
  tsmom_dual_horizon_m61ee3211 on USDCAD H4: REJECT at RUNG 0 SANITY -- min_trades: observed 365, required gte 400, short by 35
  tsmom_dual_horizon_m61ee3211 on USDCHF H4: REJECT at RUNG 0 SANITY -- RUNG 0 SANITY: expectancy -0.855153 at declared defaults is not positive; there is no edge to validate.
  tsmom_dual_horizon_m61ee3211 on USDJPY H4: REJECT at RUNG 0 SANITY -- RUNG 0 SANITY: expectancy -1.09574 at declared defaults is not positive; there is no edge to validate.
  tsmom_dual_horizon_m61ee3211 on XAUUSD H4: REJECT at RUNG 0 SANITY -- RUNG 0 SANITY: expectancy -0.178394 at declared defaults is not positive; there is no edge to validate.
  tsmom_dual_horizon_mc04c00b2 on AUDUSD H4: REJECT at RUNG 0 SANITY -- min_trades: observed 292, required gte 400, short by 108
  tsmom_dual_horizon_mc04c00b2 on DE40 H4: REJECT at RUNG 0 SANITY -- min_trades: observed 92, required gte 400, short by 308
  tsmom_dual_horizon_mc04c00b2 on EURUSD H4: REJECT at RUNG 0 SANITY -- min_trades: observed 329, required gte 400, short by 71
  tsmom_dual_horizon_mc04c00b2 on GBPUSD H4: REJECT at RUNG 0 SANITY -- min_trades: observed 310, required gte 400, short by 90
  tsmom_dual_horizon_mc04c00b2 on NZDUSD H4: REJECT at RUNG 0 SANITY -- min_trades: observed 294, required gte 400, short by 106
  tsmom_dual_horizon_mc04c00b2 on US500 H4: REJECT at RUNG 0 SANITY -- min_trades: observed 240, required gte 400, short by 160
  tsmom_dual_horizon_mc04c00b2 on USDCAD H4: REJECT at RUNG 0 SANITY -- min_trades: observed 315, required gte 400, short by 85
  tsmom_dual_horizon_mc04c00b2 on USDCHF H4: REJECT at RUNG 0 SANITY -- min_trades: observed 329, required gte 400, short by 71
  tsmom_dual_horizon_mc04c00b2 on USDJPY H4: REJECT at RUNG 0 SANITY -- min_trades: observed 349, required gte 400, short by 51
  tsmom_dual_horizon_mc04c00b2 on XAUUSD H4: REJECT at RUNG 0 SANITY -- min_trades: observed 290, required gte 400, short by 110
  tsmom_dual_horizon_mf3293339 on AUDUSD H4: REJECT at RUNG 0 SANITY -- min_trades: observed 188, required gte 400, short by 212
  tsmom_dual_horizon_mf3293339 on DE40 H4: REJECT at RUNG 0 SANITY -- min_trades: observed 91, required gte 400, short by 309
  tsmom_dual_horizon_mf3293339 on EURUSD H4: REJECT at RUNG 0 SANITY -- min_trades: observed 175, required gte 400, short by 225
  tsmom_dual_horizon_mf3293339 on GBPUSD H4: REJECT at RUNG 0 SANITY -- min_trades: observed 173, required gte 400, short by 227
  tsmom_dual_horizon_mf3293339 on NZDUSD H4: REJECT at RUNG 0 SANITY -- min_trades: observed 177, required gte 400, short by 223
  tsmom_dual_horizon_mf3293339 on US500 H4: REJECT at RUNG 0 SANITY -- min_trades: observed 140, required gte 400, short by 260
  tsmom_dual_horizon_mf3293339 on USDCAD H4: REJECT at RUNG 0 SANITY -- min_trades: observed 173, required gte 400, short by 227
  tsmom_dual_horizon_mf3293339 on USDCHF H4: REJECT at RUNG 0 SANITY -- min_trades: observed 190, required gte 400, short by 210
  tsmom_dual_horizon_mf3293339 on USDJPY H4: REJECT at RUNG 0 SANITY -- min_trades: observed 153, required gte 400, short by 247
  tsmom_dual_horizon_mf3293339 on XAUUSD H4: REJECT at RUNG 0 SANITY -- min_trades: observed 198, required gte 400, short by 202
  tsmom_dual_horizon_m47768d76 on AUDUSD H4: REJECT at RUNG 0 SANITY -- RUNG 0 SANITY: expectancy -1.03917 at declared defaults is not positive; there is no edge to validate.
  tsmom_dual_horizon_m47768d76 on DE40 H4: REJECT at RUNG 0 SANITY -- min_trades: observed 142, required gte 400, short by 258
  tsmom_dual_horizon_m47768d76 on EURUSD H4: REJECT at RUNG 0 SANITY -- min_trades: observed 346, required gte 400, short by 54
  tsmom_dual_horizon_m47768d76 on GBPUSD H4: REJECT at RUNG 0 SANITY -- min_trades: observed 369, required gte 400, short by 31
  tsmom_dual_horizon_m47768d76 on NZDUSD H4: REJECT at RUNG 0 SANITY -- RUNG 0 SANITY: expectancy -0.550958 at declared defaults is not positive; there is no edge to validate.
  tsmom_dual_horizon_m47768d76 on US500 H4: REJECT at RUNG 0 SANITY -- min_trades: observed 310, required gte 400, short by 90
  tsmom_dual_horizon_m47768d76 on USDCAD H4: REJECT at RUNG 0 SANITY -- min_trades: observed 333, required gte 400, short by 67
  tsmom_dual_horizon_m47768d76 on USDCHF H4: REJECT at RUNG 0 SANITY -- min_trades: observed 374, required gte 400, short by 26
  tsmom_dual_horizon_m47768d76 on USDJPY H4: REJECT at RUNG 0 SANITY -- min_trades: observed 358, required gte 400, short by 42
  tsmom_dual_horizon_m47768d76 on XAUUSD H4: REJECT at RUNG 0 SANITY -- min_trades: observed 388, required gte 400, short by 12
  tsmom_dual_horizon_md7df8207 on AUDUSD H4: REJECT at RUNG 0 SANITY -- RUNG 0 SANITY: expectancy -0.966344 at declared defaults is not positive; there is no edge to validate.
  tsmom_dual_horizon_md7df8207 on DE40 H4: REJECT at RUNG 0 SANITY -- min_trades: observed 216, required gte 400, short by 184
  tsmom_dual_horizon_md7df8207 on EURUSD H4: REJECT at RUNG 0 SANITY -- RUNG 0 SANITY: expectancy -0.375991 at declared defaults is not positive; there is no edge to validate.
  tsmom_dual_horizon_md7df8207 on GBPUSD H4: REJECT at RUNG 0 SANITY -- RUNG 0 SANITY: expectancy -0.897524 at declared defaults is not positive; there is no edge to validate.
  tsmom_dual_horizon_md7df8207 on NZDUSD H4: REJECT at RUNG 0 SANITY -- RUNG 0 SANITY: expectancy -0.91974 at declared defaults is not positive; there is no edge to validate.
  tsmom_dual_horizon_md7df8207 on US500 H4: REJECT at RUNG 0 SANITY -- RUNG 0 SANITY: expectancy -0.680019 at declared defaults is not positive; there is no edge to validate.
  tsmom_dual_horizon_md7df8207 on USDCAD H4: REJECT at RUNG 0 SANITY -- RUNG 0 SANITY: expectancy -0.255234 at declared defaults is not positive; there is no edge to validate.
  tsmom_dual_horizon_md7df8207 on USDCHF H4: REJECT at RUNG 0 SANITY -- RUNG 0 SANITY: expectancy -0.872746 at declared defaults is not positive; there is no edge to validate.
  tsmom_dual_horizon_md7df8207 on USDJPY H4: REJECT at RUNG 0 SANITY -- RUNG 0 SANITY: expectancy -0.79127 at declared defaults is not positive; there is no edge to validate.
  tsmom_dual_horizon_md7df8207 on XAUUSD H4: REJECT at RUNG 0 SANITY -- RUNG 0 SANITY: expectancy -0.607482 at declared defaults is not positive; there is no edge to validate.

{
  "campaign_id": "k4_tsmom_dual_horizon_engine_v3",
  "engine_version": "engine_v3_realism",
  "gate_set": "v2.0.0-audit",
  "datasets": {
    "AUDJPY_H4": "ds_f4090c2697088bcedb423849",
    "AUDUSD_H4": "ds_ba66154d681cb623c3780947",
    "DE40_H4": "ds_b81ab5fe112100c4094cfb73",
    "EURGBP_H4": "ds_0bafc32b4ed7b8065261e7a4",
    "EURJPY_H4": "ds_c62e333d89200eecf29e9a12",
    "EURUSD_H4": "ds_d8739e54df9f12ecf0ce71c8",
    "GBPJPY_H4": "ds_9f7d5da5c796bd86da1011e8",
    "GBPUSD_H4": "ds_b34988ed16240d36d2b9248c",
    "NZDUSD_H4": "ds_af544dc37dc887fdb98c4e62",
    "UK100_H4": "ds_e5ec1300d41332ab9b36595a",
    "US500_H4": "ds_f6269df5956668a8fd72e6a1",
    "USDCAD_H4": "ds_de6aae350c45f9f5025c7f56",
    "USDCHF_H4": "ds_5a2b99b30031d45d3546c1ca",
    "USDJPY_H4": "ds_300921ee00603a414fc03e98",
    "XAGUSD_H4": "ds_0f1ab110d7cf2003134b2b39",
    "XAUUSD_H4": "ds_af8fc1b3143b3530c3f24ded"
  },
  "planned_trials": 1120,
  "prior_trials": 7376,
  "trial_accounting": {
    "planned_in_this_campaign": 1120,
    "prior_from_ledger": 0,
    "prior_declared_externally": 7376,
    "external_reason": "K4 pre-registration: K3 true N 7376 = 3350 planned + 4026 prior (K1, K2, declared); see RESEARCH_LEDGER.md K4 entry",
    "true_trial_count": 8496
  },
  "true_trial_count": 8496,
  "ladder_evaluations": 80,
  "engine_backtests_run": 80,
  "cells_attempted": 80,
  "cells_skipped": 49,
  "skips_by_kind": {
    "mutation_rejected": 1,
    "out_of_universe": 48
  },
  "rejections_by_rung": {
    "RUNG 0 SANITY": 80
  },
  "mutations_refused": 1,
  "survivors": [],
  "campaign_deflation_threshold": null,
  "deflation_variance_used": null,
  "holdout_unconsumed": true,
  "wall_clock_seconds": 321.4
}

This campaign carried 80 candidate cell(s) through the validation ladder over 10 instrument(s) (AUDUSD, DE40, EURUSD, GBPUSD, NZDUSD, US500, USDCAD, USDCHF, USDJPY, XAUUSD) on 1 timeframe(s) (H4), against gate set v2.0.0-audit. The true trial count for the whole search is 8496 (1120 planned in this campaign plus 7376 already spent on the same bars before it began), and that is the number the deflation used -- not the size of any one strategy's own parameter sweep. NOTHING SURVIVED. That is the expected outcome and it is a real result: it says these rule families, on this data, under these costs, do not clear a bar set for a search of this size. It does NOT say the underlying effects do not exist, that another instrument would behave the same way, or that a different cost model would give the same answer.

  -> research/reports/campaign_k4_tsmom/campaign_k4_tsmom_dual_horizon_engine_v3.json
